4.636: [GC [PSYoungGen: 230400K->19135K(268800K)] 230400K->19135K(2058752K), 0.0635710 secs] [Times: user=0.08 sys=0.01, real=0.06 secs]
7.302: [GC [PSYoungGen: 249535K->38396K(268800K)] 249535K->51158K(2058752K), 0.0777300 secs] [Times: user=0.21 sys=0.04, real=0.07 secs]
7.521: [GC [PSYoungGen: 49735K->38388K(268800K)] 62496K->51933K(2058752K), 0.0741680 secs] [Times: user=0.15 sys=0.04, real=0.07 secs]
7.595: [Full GC (System) [PSYoungGen: 38388K->0K(268800K)] [PSOldGen: 13545K->51794K(1789952K)] 51933K->51794K(2058752K) [PSPermGen: 19868K->19868K(39936K)], 0.3066610 secs] [Times: user=0.28 sys=0.02, real=0.31 secs]
9.752: [GC [PSYoungGen: 230400K->26206K(268800K)] 282194K->78000K(2058752K), 0.0728380 secs] [Times: user=0.15 sys=0.00, real=0.08 secs]
11.906: [GC [PSYoungGen: 256606K->38393K(268800K)] 308400K->94759K(2058752K), 0.1058920 secs] [Times: user=0.19 sys=0.00, real=0.10 secs]
13.480: [GC [PSYoungGen: 268793K->38394K(268800K)] 325159K->109054K(2058752K), 0.0762360 secs] [Times: user=0.20 sys=0.03, real=0.08 secs]
18.115: [GC [PSYoungGen: 268794K->38384K(268800K)] 339454K->179238K(2058752K), 0.1351350 secs] [Times: user=0.42 sys=0.10, real=0.14 secs]
20.860: [GC [PSYoungGen: 268784K->38394K(268800K)] 409638K->200343K(2058752K), 0.1063430 secs] [Times: user=0.29 sys=0.03, real=0.11 secs]
22.148: [GC [PSYoungGen: 268794K->38399K(268800K)] 430743K->221395K(2058752K), 0.1173980 secs] [Times: user=0.24 sys=0.02, real=0.12 secs]
23.357: [GC [PSYoungGen: 268799K->26775K(268800K)] 451795K->231618K(2058752K), 0.0714130 secs] [Times: user=0.15 sys=0.03, real=0.08 secs]
24.449: [GC [PSYoungGen: 257175K->29170K(268800K)] 462018K->239909K(2058752K), 0.0312400 secs] [Times: user=0.06 sys=0.01, real=0.04 secs]
